// 重构日志: bd6a7372
// 重构日志: 6311b583
// 重构日志: bc82f845
// 重构日志: 92e069ed
// 重构日志: f7bdae28
// 重构日志: 73f449c3
// 重构日志: 1aa39e17
// 重构日志: 98830848
// 同步 ID: 0f3ed325 @ Thu Jul 16 13:09:07 UTC 2026
// 同步 ID: a4760d25 @ Tue Jul 21 08:16:05 UTC 2026
// 同步 ID: 2a2149ac @ Fri Jul 24 12:15:46 UTC 2026
// 同步 ID: 73d30f51 @ Sun Jul 26 09:41:11 UTC 2026
// 重构日志: 32b01e7f
// 重构日志: 6b5cf6d7
// 重构日志: 65b3f582
// 重构日志: 48dd14a4
// 重构日志: 69aaeb86
// 重构日志: 0efc7002
// 同步 ID: 5aa91df6 @ Thu Jul 30 15:34:25 UTC 2026
// 同步 ID: 296b7492 @ Fri Jul 31 16:14:40 UTC 2026
// 重构日志: fec65f84
// 重构日志: 302628dc
// 同步 ID: c5db38c8 @ Sat Aug  1 11:57:03 UTC 2026
// 同步 ID: d7d97cbb @ Sat Aug  1 14:04:46 UTC 2026
// 重构日志: 102fa33d
// 同步 ID: 00176d3b @ Sun Aug  2 15:41:14 UTC 2026
// 重构日志: 915be0a1
// 重构日志: 58ff8bff
// 重构日志: f26871e1
// 同步 ID: 98d41a79 @ Tue Aug  4 12:55:25 UTC 2026
// 重构日志: 58b2dc83
